// Jest Snapshot v1, https://jestjs.io/docs/snapshot-testing

exports[`Zod error formatting Structured snapshot of invalid examples 1`] = `
[
  [ZodError: artist «'Kenny G'» should be one of RZA,GZA…Ol Dirty Bastard;; somethingToEffWith «'maybe'» is text but should be true/false;; cuts[0].feat[0] «'Kenny G'» should be one of RZA,GZA…Ol Dirty Bastard;; cuts[0].year «1_982» should be «1_996» or more and should be an exact multiple of «4»],
  [ZodError: title «null» is nil;; cuts[0].year «'1_996'» is text but should be a number;; unknown properties cuts.0.{only=«'built'», for_what=«'Linx...'», and whence=«'Cuba'»}; sales.pluto=«9»; and pinky=«'ring'»],
  [ZodError: title «null» is nil;; unknown properties cuts.0.{only=«'built'», for_what=«'Linx...'», and whence=«'Cuba'»}],
  [ZodError: cuts[0].title is unset;; unknown property year=«1_996»],
  [ZodError: title «''» is blank;; cuts[0].title «'marvel'» should match pattern;; unknown properties {year=«1_996» and wth=«'extra'»}],
  [ZodError: email «'@BOB'» should be all lowercase; should be a conventional email format; should match pattern; and is too short: «4» vs «10»;; down.we.go «808» should be «33» or less;; down2 is unset;; muddle «2022-05-04T00:00:00.000Z» should either be text; be an array; be true/false; be a number; or be a jssym],
  [ZodError: «[]» should not be empty],
  [ZodError: «[ 1, 2 ]» should be empty],
  [ZodError: «[ 1, 2 ]» has «2» items but should have exactly one],
  [ZodError: «[ 1, 2 ]» has «2» items but should have exactly «3»],
  [ZodError: «[ 1, 2 ]» has «2» but should have one or fewer],
  [ZodError: «[ 1, 2, 3, 4, 5 ]» has «5» but should have «3» or fewer],
  [ZodError: «[]» should not be empty],
  [ZodError: «[ 1, 2 ]» has «2» items but should have «3» or more],
  [ZodError: «Set(2) { 1, 2 }» should be empty],
  [ZodError: «Set(0) {}» should not be empty],
  [ZodError: «Set(2) { 1, 2 }» has «2» but should have one or fewer],
  [ZodError: «Set(4) { 1, 2, 3, 4 }» has «4» but should have «3» or fewer],
  [ZodError: «Set(0) {}» should not be empty],
  [ZodError: «Set(2) { 1, 2 }» has «2» items but should have «3» or more],
  [ZodError: «Set(2) { 1, 2 }» has «2» but should have one or fewer],
  [ZodError: «Set(2) { 1, 2 }» has «2» items but should have «3» or more],
  [ZodError: «2075-01-01T00:00:00.000Z» should be on or before «2022-05-04T00:00:00.000Z»],
  [ZodError: «1975-01-01T00:00:00.000Z» should be on or after «2022-05-04T00:00:00.000Z»],
  [ZodError: «'-1000-01-01T08:08:08Z'» should be a datetime],
  [ZodError: «'2023-00-00'» should be a datetime],
  [ZodError: «'October 31, 2023'» should be a datetime],
  [ZodError: «'2023-01-01'» should be a date-time in ISO YYYY-MM-DDThh:mm:ss.uuuZ form],
  [ZodError: «'2023-01-01T08:08:08'» should be a date-time in ISO YYYY-MM-DDThh:mm:ss.uuuZ form],
  [ZodError: «'2023-00-01T08:08:08.000Z'» should be a date-time in ISO YYYY-MM-DDThh:mm:ss.uuuZ form],
  [ZodError: «'2023-00-00T08:08:08.000Z'» should be a date-time in ISO YYYY-MM-DDThh:mm:ss.uuuZ form],
  [ZodError: «'2023-02-30T08:08:08.000Z'» should be a date-time in ISO YYYY-MM-DDThh:mm:ss.uuuZ form],
  [ZodError: «'October 31, 2023'» should be a date-time in ISO YYYY-MM-DDThh:mm:ss.uuuZ form],
  [ZodError: «'C.R.E.A.M'» should have exactly one character],
  [ZodError: «'C.R.E.A.M'» has length «9» vs «4» needed],
  [ZodError: «'C.R.E.A.M'» is too short: «9» vs «20»],
  [ZodError: «'C.R.E.A.M'» is too long: «9» vs «4» available],
  [ZodError: «'wack'» should contain «'C.R.E.A.M'»],
  [ZodError: «'wack'» should start with «'C.R.E.A.M'»],
  [ZodError: «'wack'» should end with «'C.R.E.A.M'»],
  [ZodError: «39» should be strictly less than «7»],
  [ZodError: «39» should be «7» or less],
  [ZodError: «5» should be strictly more than «7»],
  [ZodError: «5» should be «7» or more],
  [ZodError: «39» should be an exact multiple of «7»],
  [ZodError: «39.000_01» is a decimal but should be an integer],
  [ZodError: «-Infinity» should be finite],
  [ZodError: «1e+55» should not be unusually large],
  [ZodError: Place issues: name «''» is blank;; lat «91» should be «90» or less;; lng «-180» should be strictly more than «-180»],
  [ZodError: «null» is nil],
  [ZodError: «-1» should be «0» or more],
  [ZodError: «0.5» is a decimal but should be an integer],
  [ZodError: «1e+30» should be «10_000_000» or less],
  [ZodError: «20_000_000» should be «10_000_000» or less],
  [ZodError: «2_000_000_000_000» should be «1_000_000_000_000» or less],
  [ZodError: «-2_000_000_000_000» should be «-1_000_000_000_000» or more],
  [ZodError: ms timestamp issues: «0» improbably ancient (pre-1972)],
  [ZodError: ms timestamp issues: «-1» improbably ancient (pre-1972)],
  [ZodError: «'wack'» should match pattern],
  [ZodError: «'wack'» should be def],
  [ZodError: title issues: «'has ~^b a control character'» has tabs, returns or weird characters],
  [ZodError: ms timestamp issues: «'1e10'» is text but should be a number],
  [ZodError: timecode issues: «'IIII'» should be all lowercase; has length «4» vs «26» needed; and should be a lowercase timecode, starting with 00-04 (date < 2195)],
  [ZodError: timecode issues: «'zzzzzzzzzzzzzzzzzzzzzzzzzz'» should be a lowercase timecode, starting with 00-04 (date < 2195)],
  [ZodError: timecode issues: «'04zzzzzzzzzzzzzzzzzzzzzzzz1'» has length «27» vs «26» needed and should be a lowercase timecode, starting with 00-04 (date < 2195)],
  [ZodError: all uppercase issues: «'hASLOWERS'» should be all uppercase],
  [ZodError: all uppercase issues: «'HAS~^x0BCTRL'» should be all uppercase],
  [ZodError: plain lowercase issues: «'Hasuppers'» should be all lowercase],
  [ZodError: plain lowercase issues: «'has~^x0Bctrl'» should be all lowercase],
  [ZodError: «null» is nil],
  [ZodError: «undefined» is missing],
  [ZodError: «''» is blank],
  [ZodError: «' camel'» should be an UpperFirstLetterCamelCased name],
  [ZodError: «','» should be an UpperFirstLetterCamelCased name],
  [ZodError: «'a'» should be an UpperFirstLetterCamelCased name],
  [ZodError: «'1'» should be an UpperFirstLetterCamelCased name],
  [ZodError: «'_'» should be an UpperFirstLetterCamelCased name],
  [ZodError: «'A_1'» should be an UpperFirstLetterCamelCased name],
  [ZodError: «null» is nil],
  [ZodError: «undefined» is missing],
  [ZodError: «''» is blank],
  [ZodError: «'Locamel'» should be a lowerFirstLetterCamelCased name],
  [ZodError: «','» should be a lowerFirstLetterCamelCased name],
  [ZodError: «'A'» should be a lowerFirstLetterCamelCased name],
  [ZodError: «'1'» should be a lowerFirstLetterCamelCased name],
  [ZodError: «'_'» should be a lowerFirstLetterCamelCased name],
  [ZodError: «'a_1'» should be a lowerFirstLetterCamelCased name],
  [ZodError: «null» is nil],
  [ZodError: «undefined» is missing],
  [ZodError: «''» is blank],
  [ZodError: «' 1Camel'» should be a label and start with a letter],
  [ZodError: «' _Camel'» should be a label and start with a letter],
  [ZodError: «','» should be a label and start with a letter],
  [ZodError: «'1'» should be a label and start with a letter],
  [ZodError: «'_'» should be a label and start with a letter],
  [ZodError: record handle issues: «'noUppers'» should be all lowercase and should have only lowercase plain letters/_/numbers with a letter first],
  [ZodError: simple label issues: «'very-strict'» should have only plain lowercase letters/_/numbers with a letter first],
  [ZodError: byte issues: «-1» should be «0» or more],
  [ZodError: byte issues: «8» should be «7» or less],
  [ZodError: byte issues: «1.1» is a decimal but should be an integer],
  [ZodError: «'~^nasdf~^x01~^n~^n'» has weird characters],
  [ZodError: «'~^nas~^x00df~^n~^n'» has weird characters],
  [ZodError: «{ oops: true }» should either be text; be an array; be true/false; be a number; or be a jssym],
  [ZodError: «{ oops: true }» should either be text or an array or true/false or be a number or be a jssym],
  [ZodError: «{ path: true }» should either be text; be an array; path text or be an array; or outdir not be unset],
  [ZodError: «808.1» should be an exact multiple of «9»; is a decimal but should be an integer; and should be «33» or less],
]
`;
